
> spinesurge-pro@1.0.0 build
> electron-vite build

[36mvite v7.3.0 [32mbuilding ssr environment for production...[36m[39m
transforming...
[32mΓ£ô[39m 2 modules transformed.
rendering chunks...
[2mout/main/[22m[36mindex.js  [39m[1m[2m12.74 kB[22m[1m[22m
[32mΓ£ô built in 474ms[39m
[36mvite v7.3.0 [32mbuilding ssr environment for production...[36m[39m
transforming...
[32mΓ£ô[39m 2 modules transformed.
rendering chunks...
[2mout/preload/[22m[36mindex.mjs  [39m[1m[2m8.65 kB[22m[1m[22m
[32mΓ£ô built in 30ms[39m
[36mvite v7.3.0 [32mbuilding client environment for production...[36m[39m
transforming...
[32mΓ£ô[39m 2164 modules transformed.
node.exe : [31mΓ£ù[39m Build failed in 
5.32s
At line:1 char:1
+ & "C:\Program Files\nodejs/node.exe" 
"C:\Program Files\nodejs/node_mo ...
+ ~~~~~~~~~~~~~~~~~~~~~~~~~~~~~~~~~~~~~~~
~~~~~~~~~~~~~~~~~~~~~~~~~~~~~~
    + CategoryInfo          : NotSpecifi 
   ed: ([31mΓ£ù[39m Build failed in 5  
  .32s:String) [], RemoteException
    + FullyQualifiedErrorId : NativeComm 
   andError
 
[31merror during build:
[31m[commonjs--resolver] Missing 
"./dist/esm/decodeImageFrameWorker.js" 
specifier in 
"@cornerstonejs/dicom-image-loader" 
package[31m
    at e (file:///C:/work/SpineSurge-Pro-
Electron/SpineSurge-Pro-Electron/node_mod
ules/vite/dist/node/chunks/config.js:6651
:8)
    at n (file:///C:/work/SpineSurge-Pro-
Electron/SpineSurge-Pro-Electron/node_mod
ules/vite/dist/node/chunks/config.js:6663
:14)
    at o (file:///C:/work/SpineSurge-Pro-
Electron/SpineSurge-Pro-Electron/node_mod
ules/vite/dist/node/chunks/config.js:6691
:10)
    at resolveExportsOrImports (file:///C
:/work/SpineSurge-Pro-Electron/SpineSurge
-Pro-Electron/node_modules/vite/dist/node
/chunks/config.js:32826:45)
    at resolveDeepImport (file:///C:/work
/SpineSurge-Pro-Electron/SpineSurge-Pro-E
lectron/node_modules/vite/dist/node/chunk
s/config.js:32840:22)
    at tryNodeResolve (file:///C:/work/Sp
ineSurge-Pro-Electron/SpineSurge-Pro-Elec
tron/node_modules/vite/dist/node/chunks/c
onfig.js:32715:70)
    at Object.handler (file:///C:/work/Sp
ineSurge-Pro-Electron/SpineSurge-Pro-Elec
tron/node_modules/vite/dist/node/chunks/c
onfig.js:32554:16)
    at Object.handler (file:///C:/work/Sp
ineSurge-Pro-Electron/SpineSurge-Pro-Elec
tron/node_modules/vite/dist/node/chunks/c
onfig.js:33705:13)
    at file:///C:/work/SpineSurge-Pro-Ele
ctron/SpineSurge-Pro-Electron/node_module
s/rollup/dist/es/shared/node-entry.js:225
22:40
    at async 
PluginDriver.hookFirstAndGetPlugin (file:
///C:/work/SpineSurge-Pro-Electron/SpineS
urge-Pro-Electron/node_modules/rollup/dis
t/es/shared/node-entry.js:22404:28)[39m
